15:49:22 **** Incremental Build of configuration Debug for project ROBOdebugTest ****
make -j8 all 
arm-none-eabi-size  ROBOdebugTest.elf 
   text	   data	    bss	    dec	    hex	filename
  31424	    128	   2200	  33752	   83d8	ROBOdebugTest.elf
Finished building: default.size.stdout
 
15:49:52 **** Incremental Build of configuration Debug for project ROBOdebugTest ****
make -j8 all 
arm-none-eabi-size  ROBOdebugTest.elf 
   text	   data	    bss	    dec	    hex	filename
  31424	    128	   2200	  33752	   83d8	ROBOdebugTest.elf
Finished building: default.size.stdout
 
