01:21:42 **** Incremental Build of configuration Debug for project steeringAngle ****
make -j8 all 
arm-none-eabi-gcc "../Core/Src/main.c" -mcpu=cortex-m4 -std=gnu11 -g3 -DDEBUG -DUSE_HAL_DRIVER -DSTM32F407xx -c -I../Core/Inc -I../Drivers/STM32F4xx_HAL_Driver/Inc -I../Drivers/STM32F4xx_HAL_Driver/Inc/Legacy -I../Drivers/CMSIS/Device/ST/STM32F4xx/Include -I../Drivers/CMSIS/Include -O0 -ffunction-sections -fdata-sections -Wall -fstack-usage -fcyclomatic-complexity -MMD -MP -MF"Core/Src/main.d" -MT"Core/Src/main.o" --specs=nano.specs -mfpu=fpv4-sp-d16 -mfloat-abi=hard -mthumb -o "Core/Src/main.o"
arm-none-eabi-g++ -o "steeringAngle.elf" @"objects.list"   -mcpu=cortex-m4 -T"D:\STM32Workspace\steeringAngle\STM32F407VETX_FLASH.ld" --specs=nosys.specs -Wl,-Map="steeringAngle.map" -Wl,--gc-sections -static --specs=nano.specs -mfpu=fpv4-sp-d16 -mfloat-abi=hard -mthumb -Wl,--start-group -lc -lm -lstdc++ -lsupc++ -Wl,--end-group
Finished building target: steeringAngle.elf
 
arm-none-eabi-size  steeringAngle.elf 
arm-none-eabi-objdump -h -S steeringAngle.elf  > "steeringAngle.list"
arm-none-eabi-objcopy  -O ihex steeringAngle.elf  "steeringAngle.hex"
   text	   data	    bss	    dec	    hex	filename
   6360	     12	   1572	   7944	   1f08	steeringAngle.elf
arm-none-eabi-objcopy  -O binary steeringAngle.elf  "steeringAngle.bin"
Finished building: default.size.stdout
Finished building: steeringAngle.hex
Finished building: steeringAngle.list
 
 
 
Finished building: steeringAngle.bin
 

01:21:43 Build Finished. 0 errors, 0 warnings. (took 1s.292ms)

