Archive member included to satisfy reference by file (symbol)

D:/STM32CubeIDE_1.18.0/STM32CubeIDE/plugins/com.st.stm32cube.ide.mcu.externaltools.gnu-tools-for-stm32.13.3.rel1.win32_1.0.0.202411081344/tools/bin/../lib/gcc/arm-none-eabi/13.3.1/../../../../arm-none-eabi/lib/thumb/v7e-m+fp/hard\libc_nano.a(libc_a-exit.o)
                              D:/STM32CubeIDE_1.18.0/STM32CubeIDE/plugins/com.st.stm32cube.ide.mcu.externaltools.gnu-tools-for-stm32.13.3.rel1.win32_1.0.0.202411081344/tools/bin/../lib/gcc/arm-none-eabi/13.3.1/../../../../arm-none-eabi/lib/thumb/v7e-m+fp/hard/crt0.o (exit)
D:/STM32CubeIDE_1.18.0/STM32CubeIDE/plugins/com.st.stm32cube.ide.mcu.externaltools.gnu-tools-for-stm32.13.3.rel1.win32_1.0.0.202411081344/tools/bin/../lib/gcc/arm-none-eabi/13.3.1/../../../../arm-none-eabi/lib/thumb/v7e-m+fp/hard\libc_nano.a(libc_a-findfp.o)
                              D:/STM32CubeIDE_1.18.0/STM32CubeIDE/plugins/com.st.stm32cube.ide.mcu.externaltools.gnu-tools-for-stm32.13.3.rel1.win32_1.0.0.202411081344/tools/bin/../lib/gcc/arm-none-eabi/13.3.1/../../../../arm-none-eabi/lib/thumb/v7e-m+fp/hard\libc_nano.a(libc_a-exit.o) (__stdio_exit_handler)
D:/STM32CubeIDE_1.18.0/STM32CubeIDE/plugins/com.st.stm32cube.ide.mcu.externaltools.gnu-tools-for-stm32.13.3.rel1.win32_1.0.0.202411081344/tools/bin/../lib/gcc/arm-none-eabi/13.3.1/../../../../arm-none-eabi/lib/thumb/v7e-m+fp/hard\libc_nano.a(libc_a-fwalk.o)
                              D:/STM32CubeIDE_1.18.0/STM32CubeIDE/plugins/com.st.stm32cube.ide.mcu.externaltools.gnu-tools-for-stm32.13.3.rel1.win32_1.0.0.202411081344/tools/bin/../lib/gcc/arm-none-eabi/13.3.1/../../../../arm-none-eabi/lib/thumb/v7e-m+fp/hard\libc_nano.a(libc_a-findfp.o) (_fwalk_sglue)
D:/STM32CubeIDE_1.18.0/STM32CubeIDE/plugins/com.st.stm32cube.ide.mcu.externaltools.gnu-tools-for-stm32.13.3.rel1.win32_1.0.0.202411081344/tools/bin/../lib/gcc/arm-none-eabi/13.3.1/../../../../arm-none-eabi/lib/thumb/v7e-m+fp/hard\libc_nano.a(libc_a-stdio.o)
                              D:/STM32CubeIDE_1.18.0/STM32CubeIDE/plugins/com.st.stm32cube.ide.mcu.externaltools.gnu-tools-for-stm32.13.3.rel1.win32_1.0.0.202411081344/tools/bin/../lib/gcc/arm-none-eabi/13.3.1/../../../../arm-none-eabi/lib/thumb/v7e-m+fp/hard\libc_nano.a(libc_a-findfp.o) (__sread)
D:/STM32CubeIDE_1.18.0/STM32CubeIDE/plugins/com.st.stm32cube.ide.mcu.externaltools.gnu-tools-for-stm32.13.3.rel1.win32_1.0.0.202411081344/tools/bin/../lib/gcc/arm-none-eabi/13.3.1/../../../../arm-none-eabi/lib/thumb/v7e-m+fp/hard\libc_nano.a(libc_a-memset.o)
                              D:/STM32CubeIDE_1.18.0/STM32CubeIDE/plugins/com.st.stm32cube.ide.mcu.externaltools.gnu-tools-for-stm32.13.3.rel1.win32_1.0.0.202411081344/tools/bin/../lib/gcc/arm-none-eabi/13.3.1/../../../../arm-none-eabi/lib/thumb/v7e-m+fp/hard/crt0.o (memset)
D:/STM32CubeIDE_1.18.0/STM32CubeIDE/plugins/com.st.stm32cube.ide.mcu.externaltools.gnu-tools-for-stm32.13.3.rel1.win32_1.0.0.202411081344/tools/bin/../lib/gcc/arm-none-eabi/13.3.1/../../../../arm-none-eabi/lib/thumb/v7e-m+fp/hard\libc_nano.a(libc_a-closer.o)
                              D:/STM32CubeIDE_1.18.0/STM32CubeIDE/plugins/com.st.stm32cube.ide.mcu.externaltools.gnu-tools-for-stm32.13.3.rel1.win32_1.0.0.202411081344/tools/bin/../lib/gcc/arm-none-eabi/13.3.1/../../../../arm-none-eabi/lib/thumb/v7e-m+fp/hard\libc_nano.a(libc_a-stdio.o) (_close_r)
D:/STM32CubeIDE_1.18.0/STM32CubeIDE/plugins/com.st.stm32cube.ide.mcu.externaltools.gnu-tools-for-stm32.13.3.rel1.win32_1.0.0.202411081344/tools/bin/../lib/gcc/arm-none-eabi/13.3.1/../../../../arm-none-eabi/lib/thumb/v7e-m+fp/hard\libc_nano.a(libc_a-reent.o)
                              D:/STM32CubeIDE_1.18.0/STM32CubeIDE/plugins/com.st.stm32cube.ide.mcu.externaltools.gnu-tools-for-stm32.13.3.rel1.win32_1.0.0.202411081344/tools/bin/../lib/gcc/arm-none-eabi/13.3.1/../../../../arm-none-eabi/lib/thumb/v7e-m+fp/hard\libc_nano.a(libc_a-closer.o) (errno)
D:/STM32CubeIDE_1.18.0/STM32CubeIDE/plugins/com.st.stm32cube.ide.mcu.externaltools.gnu-tools-for-stm32.13.3.rel1.win32_1.0.0.202411081344/tools/bin/../lib/gcc/arm-none-eabi/13.3.1/../../../../arm-none-eabi/lib/thumb/v7e-m+fp/hard\libc_nano.a(libc_a-impure.o)
                              D:/STM32CubeIDE_1.18.0/STM32CubeIDE/plugins/com.st.stm32cube.ide.mcu.externaltools.gnu-tools-for-stm32.13.3.rel1.win32_1.0.0.202411081344/tools/bin/../lib/gcc/arm-none-eabi/13.3.1/../../../../arm-none-eabi/lib/thumb/v7e-m+fp/hard\libc_nano.a(libc_a-reent.o) (_impure_ptr)
D:/STM32CubeIDE_1.18.0/STM32CubeIDE/plugins/com.st.stm32cube.ide.mcu.externaltools.gnu-tools-for-stm32.13.3.rel1.win32_1.0.0.202411081344/tools/bin/../lib/gcc/arm-none-eabi/13.3.1/../../../../arm-none-eabi/lib/thumb/v7e-m+fp/hard\libc_nano.a(libc_a-lseekr.o)
[...]
Memory Configuration

Name             Origin             Length             Attributes
CCMRAM           0x10000000         0x00010000         xrw
RAM              0x20000000         0x00020000         xrw
FLASH            0x08000000         0x00080000         xr
*default*        0x00000000         0xffffffff

Linker script and memory map

LOAD D:/STM32CubeIDE_1.18.0/STM32CubeIDE/plugins/com.st.stm32cube.ide.mcu.externaltools.gnu-tools-for-stm32.13.3.rel1.win32_1.0.0.202411081344/tools/bin/../lib/gcc/arm-none-eabi/13.3.1/thumb/v7e-m+fp/hard/crti.o
LOAD D:/STM32CubeIDE_1.18.0/STM32CubeIDE/plugins/com.st.stm32cube.ide.mcu.externaltools.gnu-tools-for-stm32.13.3.rel1.win32_1.0.0.202411081344/tools/bin/../lib/gcc/arm-none-eabi/13.3.1/thumb/v7e-m+fp/hard/crtbegin.o
LOAD D:/STM32CubeIDE_1.18.0/STM32CubeIDE/plugins/com.st.stm32cube.ide.mcu.externaltools.gnu-tools-for-stm32.13.3.rel1.win32_1.0.0.202411081344/tools/bin/../lib/gcc/arm-none-eabi/13.3.1/../../../../arm-none-eabi/lib/thumb/v7e-m+fp/hard/crt0.o
LOAD ./Core/Src/main.o
LOAD ./Core/Src/stm32f4xx_hal_msp.o
LOAD ./Core/Src/stm32f4xx_it.o
LOAD ./Core/Src/syscalls.o
LOAD ./Core/Src/sysmem.o
LOAD ./Core/Src/system_stm32f4xx.o
LOAD ./Core/Startup/startup_stm32f407vetx.o
LOAD ./Drivers/BNO055_SensorAPI-master/bno055.o
LOAD ./Drivers/BNO055_SensorAPI-master/bno055_support.o
LOAD ./Drivers/STM32F4xx_HAL_Driver/Src/stm32f4xx_hal.o
LOAD ./Drivers/STM32F4xx_HAL_Driver/Src/stm32f4xx_hal_can.o
LOAD ./Drivers/STM32F4xx_HAL_Driver/Src/stm32f4xx_hal_cortex.o
LOAD ./Drivers/STM32F4xx_HAL_Driver/Src/stm32f4xx_hal_dma.o
LOAD ./Drivers/STM32F4xx_HAL_Driver/Src/stm32f4xx_hal_dma_ex.o
LOAD ./Drivers/STM32F4xx_HAL_Driver/Src/stm32f4xx_hal_exti.o
LOAD ./Drivers/STM32F4xx_HAL_Driver/Src/stm32f4xx_hal_flash.o
LOAD ./Drivers/STM32F4xx_HAL_Driver/Src/stm32f4xx_hal_flash_ex.o
LOAD ./Drivers/STM32F4xx_HAL_Driver/Src/stm32f4xx_hal_flash_ramfunc.o
LOAD ./Drivers/STM32F4xx_HAL_Driver/Src/stm32f4xx_hal_gpio.o
LOAD ./Drivers/STM32F4xx_HAL_Driver/Src/stm32f4xx_hal_i2c.o
LOAD ./Drivers/STM32F4xx_HAL_Driver/Src/stm32f4xx_hal_i2c_ex.o
LOAD ./Drivers/STM32F4xx_HAL_Driver/Src/stm32f4xx_hal_mmc.o
LOAD ./Drivers/STM32F4xx_HAL_Driver/Src/stm32f4xx_hal_pwr.o
LOAD ./Drivers/STM32F4xx_HAL_Driver/Src/stm32f4xx_hal_pwr_ex.o
LOAD ./Drivers/STM32F4xx_HAL_Driver/Src/stm32f4xx_hal_rcc.o
LOAD ./Drivers/STM32F4xx_HAL_Driver/Src/stm32f4xx_hal_rcc_ex.o
LOAD ./Drivers/STM32F4xx_HAL_Driver/Src/stm32f4xx_hal_sd.o
LOAD ./Drivers/STM32F4xx_HAL_Driver/Src/stm32f4xx_hal_spi.o
LOAD ./Drivers/STM32F4xx_HAL_Driver/Src/stm32f4xx_hal_uart.o
LOAD ./Drivers/STM32F4xx_HAL_Driver/Src/stm32f4xx_ll_sdmmc.o
LOAD ./FATFS/App/fatfs.o
LOAD ./FATFS/Target/bsp_driver_sd.o
LOAD ./FATFS/Target/sd_diskio.o
LOAD ./Middlewares/Third_Party/FatFs/src/diskio.o
LOAD ./Middlewares/Third_Party/FatFs/src/ff.o
LOAD ./Middlewares/Third_Party/FatFs/src/ff_gen_drv.o
LOAD ./Middlewares/Third_Party/FatFs/src/option/syscall.o
START GROUP
LOAD D:/STM32CubeIDE_1.18.0/STM32CubeIDE/plugins/com.st.stm32cube.ide.mcu.externaltools.gnu-tools-for-stm32.13.3.rel1.win32_1.0.0.202411081344/tools/bin/../lib/gcc/arm-none-eabi/13.3.1/../../../../arm-none-eabi/lib/thumb/v7e-m+fp/hard\libstdc++_nano.a
LOAD D:/STM32CubeIDE_1.18.0/STM32CubeIDE/plugins/com.st.stm32cube.ide.mcu.externaltools.gnu-tools-for-stm32.13.3.rel1.win32_1.0.0.202411081344/tools/bin/../lib/gcc/arm-none-eabi/13.3.1/../../../../arm-none-eabi/lib/thumb/v7e-m+fp/hard\libsupc++_nano.a
END GROUP
LOAD D:/STM32CubeIDE_1.18.0/STM32CubeIDE/plugins/com.st.stm32cube.ide.mcu.externaltools.gnu-tools-for-stm32.13.3.rel1.win32_1.0.0.202411081344/tools/bin/../lib/gcc/arm-none-eabi/13.3.1/../../../../arm-none-eabi/lib/thumb/v7e-m+fp/hard\libstdc++_nano.a
LOAD D:/STM32CubeIDE_1.18.0/STM32CubeIDE/plugins/com.st.stm32cube.ide.mcu.externaltools.gnu-tools-for-stm32.13.3.rel1.win32_1.0.0.202411081344/tools/bin/../lib/gcc/arm-none-eabi/13.3.1/../../../../arm-none-eabi/lib/thumb/v7e-m+fp/hard\libm.a
LOAD D:/STM32CubeIDE_1.18.0/STM32CubeIDE/plugins/com.st.stm32cube.ide.mcu.externaltools.gnu-tools-for-stm32.13.3.rel1.win32_1.0.0.202411081344/tools/bin/../lib/gcc/arm-none-eabi/13.3.1/../../../../arm-none-eabi/lib/thumb/v7e-m+fp/hard\libc_nano.a
START GROUP
LOAD D:/STM32CubeIDE_1.18.0/STM32CubeIDE/plugins/com.st.stm32cube.ide.mcu.externaltools.gnu-tools-for-stm32.13.3.rel1.win32_1.0.0.202411081344/tools/bin/../lib/gcc/arm-none-eabi/13.3.1/thumb/v7e-m+fp/hard\libgcc.a
LOAD D:/STM32CubeIDE_1.18.0/STM32CubeIDE/plugins/com.st.stm32cube.ide.mcu.externaltools.gnu-tools-for-stm32.13.3.rel1.win32_1.0.0.202411081344/tools/bin/../lib/gcc/arm-none-eabi/13.3.1/../../../../arm-none-eabi/lib/thumb/v7e-m+fp/hard\libc_nano.a
END GROUP
START GROUP
LOAD D:/STM32CubeIDE_1.18.0/STM32CubeIDE/plugins/com.st.stm32cube.ide.mcu.externaltools.gnu-tools-for-stm32.13.3.rel1.win32_1.0.0.202411081344/tools/bin/../lib/gcc/arm-none-eabi/13.3.1/thumb/v7e-m+fp/hard\libgcc.a
LOAD D:/STM32CubeIDE_1.18.0/STM32CubeIDE/plugins/com.st.stm32cube.ide.mcu.externaltools.gnu-tools-for-stm32.13.3.rel1.win32_1.0.0.202411081344/tools/bin/../lib/gcc/arm-none-eabi/13.3.1/../../../../arm-none-eabi/lib/thumb/v7e-m+fp/hard\libc_nano.a
LOAD D:/STM32CubeIDE_1.18.0/STM32CubeIDE/plugins/com.st.stm32cube.ide.mcu.externaltools.gnu-tools-for-stm32.13.3.rel1.win32_1.0.0.202411081344/tools/bin/../lib/gcc/arm-none-eabi/13.3.1/../../../../arm-none-eabi/lib/thumb/v7e-m+fp/hard\libnosys.a
END GROUP
START GROUP
LOAD D:/STM32CubeIDE_1.18.0/STM32CubeIDE/plugins/com.st.stm32cube.ide.mcu.externaltools.gnu-tools-for-stm32.13.3.rel1.win32_1.0.0.202411081344/tools/bin/../lib/gcc/arm-none-eabi/13.3.1/thumb/v7e-m+fp/hard\libgcc.a
LOAD D:/STM32CubeIDE_1.18.0/STM32CubeIDE/plugins/com.st.stm32cube.ide.mcu.externaltools.gnu-tools-for-stm32.13.3.rel1.win32_1.0.0.202411081344/tools/bin/../lib/gcc/arm-none-eabi/13.3.1/../../../../arm-none-eabi/lib/thumb/v7e-m+fp/hard\libc_nano.a
LOAD D:/STM32CubeIDE_1.18.0/STM32CubeIDE/plugins/com.st.stm32cube.ide.mcu.externaltools.gnu-tools-for-stm32.13.3.rel1.win32_1.0.0.202411081344/tools/bin/../lib/gcc/arm-none-eabi/13.3.1/../../../../arm-none-eabi/lib/thumb/v7e-m+fp/hard\libnosys.a
END GROUP
LOAD D:/STM32CubeIDE_1.18.0/STM32CubeIDE/plugins/com.st.stm32cube.ide.mcu.externaltools.gnu-tools-for-stm32.13.3.rel1.win32_1.0.0.202411081344/tools/bin/../lib/gcc/arm-none-eabi/13.3.1/thumb/v7e-m+fp/hard/crtend.o
LOAD D:/STM32CubeIDE_1.18.0/STM32CubeIDE/plugins/com.st.stm32cube.ide.mcu.externaltools.gnu-tools-for-stm32.13.3.rel1.win32_1.0.0.202411081344/tools/bin/../lib/gcc/arm-none-eabi/13.3.1/thumb/v7e-m+fp/hard/crtn.o
                0x20020000                        _estack = (ORIGIN (RAM) + LENGTH (RAM))
                0x00000200                        _Min_Heap_Size = 0x200
                0x00000400                        _Min_Stack_Size = 0x400

.isr_vector     0x08000000      0x188
                0x08000000                        . = ALIGN (0x4)
 *(.isr_vector)
 .isr_vector    0x08000000      0x188 ./Core/Startup/startup_stm32f407vetx.o
                0x08000000                g_pfnVectors
                0x08000188                        . = ALIGN (0x4)

.text           0x08000188     0x4fac
                0x08000188                        . = ALIGN (0x4)
 *(.text)
 .text          0x08000188       0x40 D:/STM32CubeIDE_1.18.0/STM32CubeIDE/plugins/com.st.stm32cube.ide.mcu.externaltools.gnu-tools-for-stm32.13.3.rel1.win32_1.0.0.202411081344/tools/bin/../lib/gcc/arm-none-eabi/13.3.1/thumb/v7e-m+fp/hard/crtbegin.o
 .text          0x080001c8       0x30 D:/STM32CubeIDE_1.18.0/STM32CubeIDE/plugins/com.st.stm32cube.ide.mcu.externaltools.gnu-tools-for-stm32.13.3.rel1.win32_1.0.0.202411081344/tools/bin/../lib/gcc/arm-none-eabi/13.3.1/thumb/v7e-m+fp/hard\libgcc.a(_aeabi_uldivmod.o)
                0x080001c8                __aeabi_uldivmod
 .text          0x080001f8      0x2f8 D:/STM32CubeIDE_1.18.0/STM32CubeIDE/plugins/com.st.stm32cube.ide.mcu.externaltools.gnu-tools-for-stm32.13.3.rel1.win32_1.0.0.202411081344/tools/bin/../lib/gcc/arm-none-eabi/13.3.1/thumb/v7e-m+fp/hard\libgcc.a(_udivmoddi4.o)
                0x080001f8                __udivmoddi4
 .text          0x080004f0        0x4 D:/STM32CubeIDE_1.18.0/STM32CubeIDE/plugins/com.st.stm32cube.ide.mcu.externaltools.gnu-tools-for-stm32.13.3.rel1.win32_1.0.0.202411081344/tools/bin/../lib/gcc/arm-none-eabi/13.3.1/thumb/v7e-m+fp/hard\libgcc.a(_dvmd_tls.o)
                0x080004f0                __aeabi_idiv0
                0x080004f0                __aeabi_ldiv0
 *(.text*)
 .text.main     0x080004f4       0x40 ./Core/Src/main.o
                0x080004f4                main
 .text.SystemClock_Config
                0x08000534       0xd0 ./Core/Src/main.o
                0x08000534                SystemClock_Config
 .text.MX_CAN1_Init
                0x08000604       0x68 ./Core/Src/main.o
 .text.MX_I2C1_Init
                0x0800066c       0x5c ./Core/Src/main.o
 .text.MX_SDIO_SD_Init
                0x080006c8       0x68 ./Core/Src/main.o
 .text.MX_SPI1_Init
                0x08000730       0x6c ./Core/Src/main.o
 .text.MX_USART2_UART_Init
                0x0800079c       0x54 ./Core/Src/main.o
 .text.MX_DMA_Init
                0x080007f0       0x50 ./Core/Src/main.o
 .text.MX_GPIO_Init
                0x08000840       0xd4 ./Core/Src/main.o
 .text.Error_Handler
                0x08000914        0xc ./Core/Src/main.o
                0x08000914                Error_Handler
 .text.HAL_MspInit
                0x08000920       0x50 ./Core/Src/stm32f4xx_hal_msp.o
                0x08000920                HAL_MspInit
 .text.HAL_CAN_MspInit
                0x08000970       0x90 ./Core/Src/stm32f4xx_hal_msp.o
                0x08000970                HAL_CAN_MspInit
 .text.HAL_I2C_MspInit
                0x08000a00      0x15c ./Core/Src/stm32f4xx_hal_msp.o
                0x08000a00                HAL_I2C_MspInit
 .text.HAL_SD_MspInit
                0x08000b5c       0xd0 ./Core/Src/stm32f4xx_hal_msp.o
                0x08000b5c                HAL_SD_MspInit
 .text.HAL_SPI_MspInit
                0x08000c2c       0xd0 ./Core/Src/stm32f4xx_hal_msp.o
                0x08000c2c                HAL_SPI_MspInit
 .text.HAL_UART_MspInit
                0x08000cfc       0x90 ./Core/Src/stm32f4xx_hal_msp.o
                0x08000cfc                HAL_UART_MspInit
 .text.NMI_Handler
                0x08000d8c        0x8 ./Core/Src/stm32f4xx_it.o
                0x08000d8c                NMI_Handler
 .text.HardFault_Handler
                0x08000d94        0x8 ./Core/Src/stm32f4xx_it.o
                0x08000d94                HardFault_Handler
 .text.MemManage_Handler
                0x08000d9c        0x8 ./Core/Src/stm32f4xx_it.o
                0x08000d9c                MemManage_Handler
 .text.BusFault_Handler
                0x08000da4        0x8 ./Core/Src/stm32f4xx_it.o
                0x08000da4                BusFault_Handler
 .text.UsageFault_Handler
                0x08000dac        0x8 ./Core/Src/stm32f4xx_it.o
                0x08000dac                UsageFault_Handler
 .text.SVC_Handler
                0x08000db4        0xe ./Core/Src/stm32f4xx_it.o
                0x08000db4                SVC_Handler
 .text.DebugMon_Handler
                0x08000dc2        0xe ./Core/Src/stm32f4xx_it.o
                0x08000dc2                DebugMon_Handler
 .text.PendSV_Handler
                0x08000dd0        0xe ./Core/Src/stm32f4xx_it.o
                0x08000dd0                PendSV_Handler
 .text.SysTick_Handler
                0x08000dde        0xc ./Core/Src/stm32f4xx_it.o
                0x08000dde                SysTick_Handler
 *fill*         0x08000dea        0x2 
 .text.DMA1_Stream0_IRQHandler
                0x08000dec       0x14 ./Core/Src/stm32f4xx_it.o
                0x08000dec                DMA1_Stream0_IRQHandler
 .text.DMA1_Stream6_IRQHandler
                0x08000e00       0x14 ./Core/Src/stm32f4xx_it.o
                0x08000e00                DMA1_Stream6_IRQHandler
 .text.SystemInit
                0x08000e14       0x24 ./Core/Src/system_stm32f4xx.o
                0x08000e14                SystemInit
 .text.Reset_Handler
                0x08000e38       0x50 ./Core/Startup/startup_stm32f407vetx.o
                0x08000e38                Reset_Handler
 .text.Default_Handler
                0x08000e88        0x2 ./Core/Startup/startup_stm32f407vetx.o
                0x08000e88                RTC_Alarm_IRQHandler
                0x08000e88                HASH_RNG_IRQHandler
                0x08000e88                EXTI2_IRQHandler
                0x08000e88                TIM8_CC_IRQHandler
                0x08000e88                TIM1_CC_IRQHandler
                0x08000e88                DMA2_Stream5_IRQHandler
                0x08000e88                DMA1_Stream5_IRQHandler
                0x08000e88                PVD_IRQHandler
                0x08000e88                SDIO_IRQHandler
                0x08000e88                TAMP_STAMP_IRQHandler
                0x08000e88                CAN2_RX1_IRQHandler
                0x08000e88                EXTI3_IRQHandler
                0x08000e88                TIM8_TRG_COM_TIM14_IRQHandler
                0x08000e88                TIM1_UP_TIM10_IRQHandler
                0x08000e88                TIM8_UP_TIM13_IRQHandler
                0x08000e88                I2C3_ER_IRQHandler
                0x08000e88                EXTI0_IRQHandler
                0x08000e88                I2C2_EV_IRQHandler
                0x08000e88                DMA1_Stream2_IRQHandler
                0x08000e88                CAN1_RX0_IRQHandler
                0x08000e88                FPU_IRQHandler
                0x08000e88                OTG_HS_WKUP_IRQHandler
                0x08000e88                CAN2_SCE_IRQHandler
                0x08000e88                DMA2_Stream2_IRQHandler
                0x08000e88                SPI1_IRQHandler
                0x08000e88                TIM6_DAC_IRQHandler
                0x08000e88                TIM1_BRK_TIM9_IRQHandler
                0x08000e88                DCMI_IRQHandler
                0x08000e88                CAN2_RX0_IRQHandler
                0x08000e88                DMA2_Stream3_IRQHandler
                0x08000e88                USART6_IRQHandler
                0x08000e88                USART3_IRQHandler
                0x08000e88                CAN1_RX1_IRQHandler
                0x08000e88                UART5_IRQHandler
                0x08000e88                DMA2_Stream0_IRQHandler
                0x08000e88                TIM4_IRQHandler
                0x08000e88                I2C1_EV_IRQHandler
                0x08000e88                DMA1_Stream1_IRQHandler
                0x08000e88                UART4_IRQHandler
                0x08000e88                TIM3_IRQHandler
                0x08000e88                RCC_IRQHandler
                0x08000e88                TIM8_BRK_TIM12_IRQHandler
                0x08000e88                Default_Handler
                0x08000e88                EXTI15_10_IRQHandler
                0x08000e88                ADC_IRQHandler
                0x08000e88                DMA1_Stream7_IRQHandler
                0x08000e88                TIM7_IRQHandler
                0x08000e88                CAN2_TX_IRQHandler
                0x08000e88                TIM5_IRQHandler
                0x08000e88                DMA2_Stream7_IRQHandler
                0x08000e88                I2C3_EV_IRQHandler
                0x08000e88                EXTI9_5_IRQHandler
                0x08000e88                RTC_WKUP_IRQHandler
                0x08000e88                ETH_WKUP_IRQHandler
                0x08000e88                SPI2_IRQHandler
                0x08000e88                OTG_HS_EP1_IN_IRQHandler
                0x08000e88                CAN1_TX_IRQHandler
                0x08000e88                EXTI4_IRQHandler
                0x08000e88                FSMC_IRQHandler
                0x08000e88                ETH_IRQHandler
                0x08000e88                OTG_HS_EP1_OUT_IRQHandler
                0x08000e88                WWDG_IRQHandler
                0x08000e88                TIM2_IRQHandler
                0x08000e88                OTG_FS_WKUP_IRQHandler
                0x08000e88                TIM1_TRG_COM_TIM11_IRQHandler
                0x08000e88                OTG_HS_IRQHandler
                0x08000e88                EXTI1_IRQHandler
                0x08000e88                USART2_IRQHandler
                0x08000e88                I2C2_ER_IRQHandler
                0x08000e88                DMA2_Stream1_IRQHandler
                0x08000e88                CAN1_SCE_IRQHandler
                0x08000e88                FLASH_IRQHandler
                0x08000e88                DMA2_Stream4_IRQHandler
                0x08000e88                USART1_IRQHandler
                0x08000e88                OTG_FS_IRQHandler
                0x08000e88                SPI3_IRQHandler
                0x08000e88                DMA1_Stream4_IRQHandler
                0x08000e88                I2C1_ER_IRQHandler
                0x08000e88                DMA2_Stream6_IRQHandler
                0x08000e88                DMA1_Stream3_IRQHandler
 *fill*         0x08000e8a        0x2 
 .text.HAL_Init
                0x08000e8c       0x44 ./Drivers/STM32F4xx_HAL_Driver/Src/stm32f4xx_hal.o
                0x08000e8c                HAL_Init
 .text.HAL_InitTick
                0x08000ed0       0x60 ./Drivers/STM32F4xx_HAL_Driver/Src/stm32f4xx_hal.o
                0x08000ed0                HAL_InitTick
 .text.HAL_IncTick
                0x08000f30       0x28 ./Drivers/STM32F4xx_HAL_Driver/Src/stm32f4xx_hal.o
                0x08000f30                HAL_IncTick
 .text.HAL_GetTick
                0x08000f58       0x18 ./Drivers/STM32F4xx_HAL_Driver/Src/stm32f4xx_hal.o
                0x08000f58                HAL_GetTick
 .text.HAL_Delay
                0x08000f70       0x48 ./Drivers/STM32F4xx_HAL_Driver/Src/stm32f4xx_hal.o
                0x08000f70                HAL_Delay
 .text.HAL_CAN_Init
                0x08000fb8      0x1f6 ./Drivers/STM32F4xx_HAL_Driver/Src/stm32f4xx_hal_can.o
                0x08000fb8                HAL_CAN_Init
 *fill*         0x080011ae        0x2 
 .text.__NVIC_SetPriorityGrouping
                0x080011b0       0x48 ./Drivers/STM32F4xx_HAL_Driver/Src/stm32f4xx_hal_cortex.o
 .text.__NVIC_GetPriorityGrouping
                0x080011f8       0x1c ./Drivers/STM32F4xx_HAL_Driver/Src/stm32f4xx_hal_cortex.o
 .text.__NVIC_EnableIRQ
                0x08001214       0x3c ./Drivers/STM32F4xx_HAL_Driver/Src/stm32f4xx_hal_cortex.o
 .text.__NVIC_SetPriority
                0x08001250       0x54 ./Drivers/STM32F4xx_HAL_Driver/Src/stm32f4xx_hal_cortex.o
 .text.NVIC_EncodePriority
                0x080012a4       0x66 ./Drivers/STM32F4xx_HAL_Driver/Src/stm32f4xx_hal_cortex.o
 *fill*         0x0800130a        0x2 
 .text.SysTick_Config
                0x0800130c       0x44 ./Drivers/STM32F4xx_HAL_Driver/Src/stm32f4xx_hal_cortex.o
 .text.HAL_NVIC_SetPriorityGrouping
                0x08001350       0x16 ./Drivers/STM32F4xx_HAL_Driver/Src/stm32f4xx_hal_cortex.o
                0x08001350                HAL_NVIC_SetPriorityGrouping
 .text.HAL_NVIC_SetPriority
                0x08001366       0x38 ./Drivers/STM32F4xx_HAL_Driver/Src/stm32f4xx_hal_cortex.o
                0x08001366                HAL_NVIC_SetPriority
 .text.HAL_NVIC_EnableIRQ
                0x0800139e       0x1c ./Drivers/STM32F4xx_HAL_Driver/Src/stm32f4xx_hal_cortex.o
                0x0800139e                HAL_NVIC_EnableIRQ
 .text.HAL_SYSTICK_Config
                0x080013ba       0x18 ./Drivers/STM32F4xx_HAL_Driver/Src/stm32f4xx_hal_cortex.o
                0x080013ba                HAL_SYSTICK_Config
 *fill*         0x080013d2        0x2 
 .text.HAL_DMA_Init
                0x080013d4      0x15c ./Drivers/STM32F4xx_HAL_Driver/Src/stm32f4xx_hal_dma.o
                0x080013d4                HAL_DMA_Init
 .text.HAL_DMA_IRQHandler
                0x08001530      0x314 ./Drivers/STM32F4xx_HAL_Driver/Src/stm32f4xx_hal_dma.o
                0x08001530                HAL_DMA_IRQHandler
 .text.DMA_CalcBaseAndBitshift
                0x08001844       0x6c ./Drivers/STM32F4xx_HAL_Driver/Src/stm32f4xx_hal_dma.o
 .text.DMA_CheckFifoParam
                0x080018b0       0xf8 ./Drivers/STM32F4xx_HAL_Driver/Src/stm32f4xx_hal_dma.o
 .text.HAL_GPIO_Init
                0x080019a8      0x338 ./Drivers/STM32F4xx_HAL_Driver/Src/stm32f4xx_hal_gpio.o
                0x080019a8                HAL_GPIO_Init
 .text.HAL_GPIO_WritePin
                0x08001ce0       0x32 ./Drivers/STM32F4xx_HAL_Driver/Src/stm32f4xx_hal_gpio.o
                0x08001ce0                HAL_GPIO_WritePin
 *fill*         0x08001d12        0x2 
 .text.HAL_I2C_Init
                0x08001d14      0x288 ./Drivers/STM32F4xx_HAL_Driver/Src/stm32f4xx_hal_i2c.o
                0x08001d14                HAL_I2C_Init
 .text.HAL_RCC_OscConfig
                0x08001f9c      0x4f0 ./Drivers/STM32F4xx_HAL_Driver/Src/stm32f4xx_hal_rcc.o
                0x08001f9c                HAL_RCC_OscConfig
 .text.HAL_RCC_ClockConfig
                0x0800248c      0x1cc ./Drivers/STM32F4xx_HAL_Driver/Src/stm32f4xx_hal_rcc.o
                0x0800248c                HAL_RCC_ClockConfig
 .text.HAL_RCC_GetSysClockFreq
                0x08002658      0x18c ./Drivers/STM32F4xx_HAL_Driver/Src/stm32f4xx_hal_rcc.o
                0x08002658                HAL_RCC_GetSysClockFreq
 .text.HAL_RCC_GetHCLKFreq
                0x080027e4       0x18 ./Drivers/STM32F4xx_HAL_Driver/Src/stm32f4xx_hal_rcc.o
                0x080027e4                HAL_RCC_GetHCLKFreq
 .text.HAL_RCC_GetPCLK1Freq
                0x080027fc       0x28 ./Drivers/STM32F4xx_HAL_Driver/Src/stm32f4xx_hal_rcc.o
                0x080027fc                HAL_RCC_GetPCLK1Freq
 .text.HAL_RCC_GetPCLK2Freq
                0x08002824       0x28 ./Drivers/STM32F4xx_HAL_Driver/Src/stm32f4xx_hal_rcc.o
                0x08002824                HAL_RCC_GetPCLK2Freq
 .text.HAL_SD_Init
                0x0800284c       0x60 ./Drivers/STM32F4xx_HAL_Driver/Src/stm32f4xx_hal_sd.o
                0x0800284c                HAL_SD_Init
 .text.HAL_SD_InitCard
                0x080028ac       0xf0 ./Drivers/STM32F4xx_HAL_Driver/Src/stm32f4xx_hal_sd.o
                0x080028ac                HAL_SD_InitCard
 .text.HAL_SD_ReadBlocks
                0x0800299c      0x3cc ./Drivers/STM32F4xx_HAL_Driver/Src/stm32f4xx_hal_sd.o
                0x0800299c                HAL_SD_ReadBlocks
 .text.HAL_SD_WriteBlocks
                0x08002d68      0x31c ./Drivers/STM32F4xx_HAL_Driver/Src/stm32f4xx_hal_sd.o
                0x08002d68                HAL_SD_WriteBlocks
 .text.HAL_SD_GetCardCSD
                0x08003084      0x348 ./Drivers/STM32F4xx_HAL_Driver/Src/stm32f4xx_hal_sd.o
                0x08003084                HAL_SD_GetCardCSD
 .text.HAL_SD_GetCardInfo
                0x080033cc       0x58 ./Drivers/STM32F4xx_HAL_Driver/Src/stm32f4xx_hal_sd.o
                0x080033cc                HAL_SD_GetCardInfo
 .text.HAL_SD_ConfigWideBusOperation
                0x08003424      0x134 ./Drivers/STM32F4xx_HAL_Driver/Src/stm32f4xx_hal_sd.o
                0x08003424                HAL_SD_ConfigWideBusOperation
 .text.HAL_SD_GetCardState
                0x08003558       0x40 ./Drivers/STM32F4xx_HAL_Driver/Src/stm32f4xx_hal_sd.o
                0x08003558                HAL_SD_GetCardState
 .text.SD_InitCard
                0x08003598      0x19c ./Drivers/STM32F4xx_HAL_Driver/Src/stm32f4xx_hal_sd.o
 .text.SD_PowerON
                0x08003734      0x11c ./Drivers/STM32F4xx_HAL_Driver/Src/stm32f4xx_hal_sd.o
 .text.SD_SendStatus
                0x08003850       0x50 ./Drivers/STM32F4xx_HAL_Driver/Src/stm32f4xx_hal_sd.o
 .text.SD_WideBus_Enable
                0x080038a0       0x96 ./Drivers/STM32F4xx_HAL_Driver/Src/stm32f4xx_hal_sd.o
 .text.SD_WideBus_Disable
                0x08003936       0x96 ./Drivers/STM32F4xx_HAL_Driver/Src/stm32f4xx_hal_sd.o
 .text.SD_FindSCR
                0x080039cc      0x1b4 ./Drivers/STM32F4xx_HAL_Driver/Src/stm32f4xx_hal_sd.o
 .text.HAL_SPI_Init
                0x08003b80      0x112 ./Drivers/STM32F4xx_HAL_Driver/Src/stm32f4xx_hal_spi.o
                0x08003b80                HAL_SPI_Init
 .text.HAL_UART_Init
                0x08003c92       0xa0 ./Drivers/STM32F4xx_HAL_Driver/Src/stm32f4xx_hal_uart.o
                0x08003c92                HAL_UART_Init
 *fill*         0x08003d32        0x2 
 .text.UART_SetConfig
                0x08003d34      0x4e8 ./Drivers/STM32F4xx_HAL_Driver/Src/stm32f4xx_hal_uart.o
 .text.SDIO_Init
                0x0800421c       0x56 ./Drivers/STM32F4xx_HAL_Driver/Src/stm32f4xx_ll_sdmmc.o
                0x0800421c                SDIO_Init
 .text.SDIO_ReadFIFO
                0x08004272       0x1a ./Drivers/STM32F4xx_HAL_Driver/Src/stm32f4xx_ll_sdmmc.o
                0x08004272                SDIO_ReadFIFO
 .text.SDIO_WriteFIFO
                0x0800428c       0x22 ./Drivers/STM32F4xx_HAL_Driver/Src/stm32f4xx_ll_sdmmc.o
                0x0800428c                SDIO_WriteFIFO
 .text.SDIO_PowerState_ON
                0x080042ae       0x1c ./Drivers/STM32F4xx_HAL_Driver/Src/stm32f4xx_ll_sdmmc.o
                0x080042ae                SDIO_PowerState_ON
 .text.SDIO_GetPowerState
                0x080042ca       0x1c ./Drivers/STM32F4xx_HAL_Driver/Src/stm32f4xx_ll_sdmmc.o
                0x080042ca                SDIO_GetPowerState
 .text.SDIO_SendCommand
                0x080042e6       0x54 ./Drivers/STM32F4xx_HAL_Driver/Src/stm32f4xx_ll_sdmmc.o
                0x080042e6                SDIO_SendCommand
 .text.SDIO_GetCommandResponse
                0x0800433a       0x1a ./Drivers/STM32F4xx_HAL_Driver/Src/stm32f4xx_ll_sdmmc.o
                0x0800433a                SDIO_GetCommandResponse
 .text.SDIO_GetResponse
                0x08004354       0x26 ./Drivers/STM32F4xx_HAL_Driver/Src/stm32f4xx_ll_sdmmc.o
                0x08004354                SDIO_GetResponse
 .text.SDIO_ConfigData
                0x0800437a       0x58 ./Drivers/STM32F4xx_HAL_Driver/Src/stm32f4xx_ll_sdmmc.o
                0x0800437a                SDIO_ConfigData
 .text.SDMMC_CmdBlockLength
                0x080043d2       0x44 ./Drivers/STM32F4xx_HAL_Driver/Src/stm32f4xx_ll_sdmmc.o
                0x080043d2                SDMMC_CmdBlockLength
 .text.SDMMC_CmdReadSingleBlock
                0x08004416       0x44 ./Drivers/STM32F4xx_HAL_Driver/Src/stm32f4xx_ll_sdmmc.o
                0x08004416                SDMMC_CmdReadSingleBlock
 .text.SDMMC_CmdReadMultiBlock
                0x0800445a       0x44 ./Drivers/STM32F4xx_HAL_Driver/Src/stm32f4xx_ll_sdmmc.o
                0x0800445a                SDMMC_CmdReadMultiBlock
 .text.SDMMC_CmdWriteSingleBlock
                0x0800449e       0x44 ./Drivers/STM32F4xx_HAL_Driver/Src/stm32f4xx_ll_sdmmc.o
                0x0800449e                SDMMC_CmdWriteSingleBlock
 .text.SDMMC_CmdWriteMultiBlock
                0x080044e2       0x44 ./Drivers/STM32F4xx_HAL_Driver/Src/stm32f4xx_ll_sdmmc.o
                0x080044e2                SDMMC_CmdWriteMultiBlock
 *fill*         0x08004526        0x2 
 .text.SDMMC_CmdStopTransfer
                0x08004528       0x44 ./Drivers/STM32F4xx_HAL_Driver/Src/stm32f4xx_ll_sdmmc.o
                0x08004528                SDMMC_CmdStopTransfer
 .text.SDMMC_CmdSelDesel
                0x0800456c       0x46 ./Drivers/STM32F4xx_HAL_Driver/Src/stm32f4xx_ll_sdmmc.o
                0x0800456c                SDMMC_CmdSelDesel
 .text.SDMMC_CmdGoIdleState
                0x080045b2       0x3c ./Drivers/STM32F4xx_HAL_Driver/Src/stm32f4xx_ll_sdmmc.o
                0x080045b2                SDMMC_CmdGoIdleState
 .text.SDMMC_CmdOperCond
                0x080045ee       0x3e ./Drivers/STM32F4xx_HAL_Driver/Src/stm32f4xx_ll_sdmmc.o
                0x080045ee                SDMMC_CmdOperCond
 .text.SDMMC_CmdAppCommand
                0x0800462c       0x44 ./Drivers/STM32F4xx_HAL_Driver/Src/stm32f4xx_ll_sdmmc.o
                0x0800462c                SDMMC_CmdAppCommand
 .text.SDMMC_CmdAppOperCommand
                0x08004670       0x46 ./Drivers/STM32F4xx_HAL_Driver/Src/stm32f4xx_ll_sdmmc.o
                0x08004670                SDMMC_CmdAppOperCommand
 .text.SDMMC_CmdBusWidth
                0x080046b6       0x44 ./Drivers/STM32F4xx_HAL_Driver/Src/stm32f4xx_ll_sdmmc.o
                0x080046b6                SDMMC_CmdBusWidth
 .text.SDMMC_CmdSendSCR
                0x080046fa       0x42 ./Drivers/STM32F4xx_HAL_Driver/Src/stm32f4xx_ll_sdmmc.o
                0x080046fa                SDMMC_CmdSendSCR
 .text.SDMMC_CmdSendCID
                0x0800473c       0x3c ./Drivers/STM32F4xx_HAL_Driver/Src/stm32f4xx_ll_sdmmc.o
                0x0800473c                SDMMC_CmdSendCID
 .text.SDMMC_CmdSendCSD
                0x08004778       0x3e ./Drivers/STM32F4xx_HAL_Driver/Src/stm32f4xx_ll_sdmmc.o
                0x08004778                SDMMC_CmdSendCSD
 .text.SDMMC_CmdSetRelAdd
                0x080047b6       0x42 ./Drivers/STM32F4xx_HAL_Driver/Src/stm32f4xx_ll_sdmmc.o
                0x080047b6                SDMMC_CmdSetRelAdd
 .text.SDMMC_CmdSendStatus
                0x080047f8       0x44 ./Drivers/STM32F4xx_HAL_Driver/Src/stm32f4xx_ll_sdmmc.o
                0x080047f8                SDMMC_CmdSendStatus
 .text.SDMMC_GetCmdResp1
                0x0800483c      0x1dc ./Drivers/STM32F4xx_HAL_Driver/Src/stm32f4xx_ll_sdmmc.o
                0x0800483c                SDMMC_GetCmdResp1
 .text.SDMMC_GetCmdResp2
                0x08004a18       0x90 ./Drivers/STM32F4xx_HAL_Driver/Src/stm32f4xx_ll_sdmmc.o
                0x08004a18                SDMMC_GetCmdResp2
 .text.SDMMC_GetCmdResp3
                0x08004aa8       0x7c ./Drivers/STM32F4xx_HAL_Driver/Src/stm32f4xx_ll_sdmmc.o
                0x08004aa8                SDMMC_GetCmdResp3
 .text.SDMMC_GetCmdResp6
                0x08004b24       0xec ./Drivers/STM32F4xx_HAL_Driver/Src/stm32f4xx_ll_sdmmc.o
                0x08004b24                SDMMC_GetCmdResp6
 .text.SDMMC_GetCmdResp7
                0x08004c10       0x9c ./Drivers/STM32F4xx_HAL_Driver/Src/stm32f4xx_ll_sdmmc.o
                0x08004c10                SDMMC_GetCmdResp7
 .text.SDMMC_GetCmdError
                0x08004cac       0x58 ./Drivers/STM32F4xx_HAL_Driver/Src/stm32f4xx_ll_sdmmc.o
 .text.MX_FATFS_Init
                0x08004d04       0x24 ./FATFS/App/fatfs.o
                0x08004d04                MX_FATFS_Init
 .text.BSP_SD_Init
                0x08004d28       0x4c ./FATFS/Target/bsp_driver_sd.o
                0x08004d28                BSP_SD_Init
 .text.BSP_SD_ReadBlocks
                0x08004d74       0x3c ./FATFS/Target/bsp_driver_sd.o
                0x08004d74                BSP_SD_ReadBlocks
 .text.BSP_SD_WriteBlocks
                0x08004db0       0x3c ./FATFS/Target/bsp_driver_sd.o
                0x08004db0                BSP_SD_WriteBlocks
 .text.BSP_SD_GetCardState
                0x08004dec       0x20 ./FATFS/Target/bsp_driver_sd.o
                0x08004dec                BSP_SD_GetCardState
 .text.BSP_SD_GetCardInfo
                0x08004e0c       0x1c ./FATFS/Target/bsp_driver_sd.o
                0x08004e0c                BSP_SD_GetCardInfo
 .text.BSP_SD_IsDetected
                0x08004e28       0x1a ./FATFS/Target/bsp_driver_sd.o
                0x08004e28                BSP_SD_IsDetected
 *fill*         0x08004e42        0x2 
 .text.SD_CheckStatus
                0x08004e44       0x3c ./FATFS/Target/sd_diskio.o
 .text.SD_initialize
                0x08004e80       0x3c ./FATFS/Target/sd_diskio.o
                0x08004e80                SD_initialize
 .text.SD_status
                0x08004ebc       0x1c ./FATFS/Target/sd_diskio.o
                0x08004ebc                SD_status
 .text.SD_read  0x08004ed8       0x42 ./FATFS/Target/sd_diskio.o
                0x08004ed8                SD_read
 .text.SD_write
                0x08004f1a       0x42 ./FATFS/Target/sd_diskio.o
                0x08004f1a                SD_write
 .text.SD_ioctl
                0x08004f5c       0xb0 ./FATFS/Target/sd_diskio.o
                0x08004f5c                SD_ioctl
 .text.FATFS_LinkDriverEx
                0x0800500c       0x98 ./Middlewares/Third_Party/FatFs/src/ff_gen_drv.o
                0x0800500c                FATFS_LinkDriverEx
 .text.FATFS_LinkDriver
                0x080050a4       0x1e ./Middlewares/Third_Party/FatFs/src/ff_gen_drv.o
                0x080050a4                FATFS_LinkDriver
 .text.memset   0x080050c2       0x10 D:/STM32CubeIDE_1.18.0/STM32CubeIDE/plugins/com.st.stm32cube.ide.mcu.externaltools.gnu-tools-for-stm32.13.3.rel1.win32_1.0.0.202411081344/tools/bin/../lib/gcc/arm-none-eabi/13.3.1/../../../../arm-none-eabi/lib/thumb/v7e-m+fp/hard\libc_nano.a(libc_a-memset.o)
                0x080050c2                memset
 *fill*         0x080050d2        0x2 
 .text.__libc_init_array
                0x080050d4       0x48 D:/STM32CubeIDE_1.18.0/STM32CubeIDE/plugins/com.st.stm32cube.ide.mcu.externaltools.gnu-tools-for-stm32.13.3.rel1.win32_1.0.0.202411081344/tools/bin/../lib/gcc/arm-none-eabi/13.3.1/../../../../arm-none-eabi/lib/thumb/v7e-m+fp/hard\libc_nano.a(libc_a-init.o)
                0x080050d4                __libc_init_array
 *(.glue_7)
 .glue_7        0x0800511c        0x0 linker stubs
 *(.glue_7t)
 .glue_7t       0x0800511c        0x0 linker stubs
 *(.eh_frame)
 .eh_frame      0x0800511c        0x0 D:/STM32CubeIDE_1.18.0/STM32CubeIDE/plugins/com.st.stm32cube.ide.mcu.externaltools.gnu-tools-for-stm32.13.3.rel1.win32_1.0.0.202411081344/tools/bin/../lib/gcc/arm-none-eabi/13.3.1/thumb/v7e-m+fp/hard/crtbegin.o
 *(.init)
 .init          0x0800511c        0x4 D:/STM32CubeIDE_1.18.0/STM32CubeIDE/plugins/com.st.stm32cube.ide.mcu.externaltools.gnu-tools-for-stm32.13.3.rel1.win32_1.0.0.202411081344/tools/bin/../lib/gcc/arm-none-eabi/13.3.1/thumb/v7e-m+fp/hard/crti.o
                0x0800511c                _init
 .init          0x08005120        0x8 D:/STM32CubeIDE_1.18.0/STM32CubeIDE/plugins/com.st.stm32cube.ide.mcu.externaltools.gnu-tools-for-stm32.13.3.rel1.win32_1.0.0.202411081344/tools/bin/../lib/gcc/arm-none-eabi/13.3.1/thumb/v7e-m+fp/hard/crtn.o
 *(.fini)
 .fini          0x08005128        0x4 D:/STM32CubeIDE_1.18.0/STM32CubeIDE/plugins/com.st.stm32cube.ide.mcu.externaltools.gnu-tools-for-stm32.13.3.rel1.win32_1.0.0.202411081344/tools/bin/../lib/gcc/arm-none-eabi/13.3.1/thumb/v7e-m+fp/hard/crti.o
                0x08005128                _fini
 .fini          0x0800512c        0x8 D:/STM32CubeIDE_1.18.0/STM32CubeIDE/plugins/com.st.stm32cube.ide.mcu.externaltools.gnu-tools-for-stm32.13.3.rel1.win32_1.0.0.202411081344/tools/bin/../lib/gcc/arm-none-eabi/13.3.1/thumb/v7e-m+fp/hard/crtn.o
                0x08005134                        . = ALIGN (0x4)
                0x08005134                        _etext = .

.vfp11_veneer   0x08005134        0x0
 .vfp11_veneer  0x08005134        0x0 linker stubs

.v4_bx          0x08005134        0x0
 .v4_bx         0x08005134        0x0 linker stubs

.iplt           0x08005134        0x0
 .iplt          0x08005134        0x0 D:/STM32CubeIDE_1.18.0/STM32CubeIDE/plugins/com.st.stm32cube.ide.mcu.externaltools.gnu-tools-for-stm32.13.3.rel1.win32_1.0.0.202411081344/tools/bin/../lib/gcc/arm-none-eabi/13.3.1/thumb/v7e-m+fp/hard/crtbegin.o

.rodata         0x08005134       0x34
                0x08005134                        . = ALIGN (0x4)
 *(.rodata)
 *(.rodata*)
 .rodata.AHBPrescTable
                0x08005134       0x10 ./Core/Src/system_stm32f4xx.o
                0x08005134                AHBPrescTable
 .rodata.APBPrescTable
                0x08005144        0x8 ./Core/Src/system_stm32f4xx.o
                0x08005144                APBPrescTable
 .rodata.flagBitshiftOffset.0
                0x0800514c        0x8 ./Drivers/STM32F4xx_HAL_Driver/Src/stm32f4xx_hal_dma.o
 .rodata.SD_Driver
                0x08005154       0x14 ./FATFS/Target/sd_diskio.o
                0x08005154                SD_Driver
                0x08005168                        . = ALIGN (0x4)

.ARM.extab      0x08005168        0x0
                0x08005168                        . = ALIGN (0x4)
 *(.ARM.extab* .gnu.linkonce.armextab.*)
                0x08005168                        . = ALIGN (0x4)

.ARM            0x08005168        0x8
                0x08005168                        . = ALIGN (0x4)
                0x08005168                        __exidx_start = .
 *(.ARM.exidx*)
 .ARM.exidx     0x08005168        0x8 D:/STM32CubeIDE_1.18.0/STM32CubeIDE/plugins/com.st.stm32cube.ide.mcu.externaltools.gnu-tools-for-stm32.13.3.rel1.win32_1.0.0.202411081344/tools/bin/../lib/gcc/arm-none-eabi/13.3.1/thumb/v7e-m+fp/hard\libgcc.a(_udivmoddi4.o)
                0x08005170                        __exidx_end = .
                0x08005170                        . = ALIGN (0x4)

.preinit_array  0x08005170        0x0
                0x08005170                        . = ALIGN (0x4)
                0x08005170                        PROVIDE (__preinit_array_start = .)
 *(.preinit_array*)
                0x08005170                        PROVIDE (__preinit_array_end = .)
                0x08005170                        . = ALIGN (0x4)

.init_array     0x08005170        0x4
                0x08005170                        . = ALIGN (0x4)
                0x08005170                        PROVIDE (__init_array_start = .)
 *(SORT_BY_NAME(.init_array.*))
 *(.init_array*)
 .init_array    0x08005170        0x4 D:/STM32CubeIDE_1.18.0/STM32CubeIDE/plugins/com.st.stm32cube.ide.mcu.externaltools.gnu-tools-for-stm32.13.3.rel1.win32_1.0.0.202411081344/tools/bin/../lib/gcc/arm-none-eabi/13.3.1/thumb/v7e-m+fp/hard/crtbegin.o
                0x08005174                        PROVIDE (__init_array_end = .)
                0x08005174                        . = ALIGN (0x4)

.fini_array     0x08005174        0x4
                0x08005174                        . = ALIGN (0x4)
                [!provide]                        PROVIDE (__fini_array_start = .)
 *(SORT_BY_NAME(.fini_array.*))
 *(.fini_array*)
 .fini_array    0x08005174        0x4 D:/STM32CubeIDE_1.18.0/STM32CubeIDE/plugins/com.st.stm32cube.ide.mcu.externaltools.gnu-tools-for-stm32.13.3.rel1.win32_1.0.0.202411081344/tools/bin/../lib/gcc/arm-none-eabi/13.3.1/thumb/v7e-m+fp/hard/crtbegin.o
                [!provide]                        PROVIDE (__fini_array_end = .)
                0x08005178                        . = ALIGN (0x4)
                0x08005178                        _sidata = LOADADDR (.data)

.rel.dyn        0x08005178        0x0
 .rel.iplt      0x08005178        0x0 D:/STM32CubeIDE_1.18.0/STM32CubeIDE/plugins/com.st.stm32cube.ide.mcu.externaltools.gnu-tools-for-stm32.13.3.rel1.win32_1.0.0.202411081344/tools/bin/../lib/gcc/arm-none-eabi/13.3.1/thumb/v7e-m+fp/hard/crtbegin.o

.data           0x20000000        0xc load address 0x08005178
                0x20000000                        . = ALIGN (0x4)
                0x20000000                        _sdata = .
 *(.data)
 *(.data*)
 .data.SystemCoreClock
                0x20000000        0x4 ./Core/Src/system_stm32f4xx.o
                0x20000000                SystemCoreClock
 .data.uwTickPrio
                0x20000004        0x4 ./Drivers/STM32F4xx_HAL_Driver/Src/stm32f4xx_hal.o
                0x20000004                uwTickPrio
 .data.uwTickFreq
                0x20000008        0x1 ./Drivers/STM32F4xx_HAL_Driver/Src/stm32f4xx_hal.o
                0x20000008                uwTickFreq
 .data.Stat     0x20000009        0x1 ./FATFS/Target/sd_diskio.o
 *(.RamFunc)
 *(.RamFunc*)
                0x2000000c                        . = ALIGN (0x4)
 *fill*         0x2000000a        0x2 
                0x2000000c                        _edata = .
                0x08005184                        _siccmram = LOADADDR (.ccmram)

.igot.plt       0x2000000c        0x0 load address 0x08005184
 .igot.plt      0x2000000c        0x0 D:/STM32CubeIDE_1.18.0/STM32CubeIDE/plugins/com.st.stm32cube.ide.mcu.externaltools.gnu-tools-for-stm32.13.3.rel1.win32_1.0.0.202411081344/tools/bin/../lib/gcc/arm-none-eabi/13.3.1/thumb/v7e-m+fp/hard/crtbegin.o

.ccmram         0x10000000        0x0 load address 0x08005184
                0x10000000                        . = ALIGN (0x4)
                0x10000000                        _sccmram = .
 *(.ccmram)
 *(.ccmram*)
                0x10000000                        . = ALIGN (0x4)
                0x10000000                        _eccmram = .
                0x10000000                        . = ALIGN (0x4)

.bss            0x2000000c      0x294
                0x2000000c                        _sbss = .
                0x2000000c                        __bss_start__ = _sbss
 *(.bss)
 .bss           0x2000000c       0x1c D:/STM32CubeIDE_1.18.0/STM32CubeIDE/plugins/com.st.stm32cube.ide.mcu.externaltools.gnu-tools-for-stm32.13.3.rel1.win32_1.0.0.202411081344/tools/bin/../lib/gcc/arm-none-eabi/13.3.1/thumb/v7e-m+fp/hard/crtbegin.o
 *(.bss*)
 .bss.hcan1     0x20000028       0x28 ./Core/Src/main.o
                0x20000028                hcan1
 .bss.hi2c1     0x20000050       0x54 ./Core/Src/main.o
                0x20000050                hi2c1
 .bss.hdma_i2c1_rx
                0x200000a4       0x60 ./Core/Src/main.o
                0x200000a4                hdma_i2c1_rx
 .bss.hdma_i2c1_tx
                0x20000104       0x60 ./Core/Src/main.o
                0x20000104                hdma_i2c1_tx
 .bss.hsd       0x20000164       0x84 ./Core/Src/main.o
                0x20000164                hsd
 .bss.hspi1     0x200001e8       0x58 ./Core/Src/main.o
                0x200001e8                hspi1
 .bss.huart2    0x20000240       0x48 ./Core/Src/main.o
                0x20000240                huart2
 .bss.uwTick    0x20000288        0x4 ./Drivers/STM32F4xx_HAL_Driver/Src/stm32f4xx_hal.o
                0x20000288                uwTick
 .bss.retSD     0x2000028c        0x1 ./FATFS/App/fatfs.o
                0x2000028c                retSD
 *fill*         0x2000028d        0x3 
 .bss.SDPath    0x20000290        0x4 ./FATFS/App/fatfs.o
                0x20000290                SDPath
 .bss.disk      0x20000294        0xc ./Middlewares/Third_Party/FatFs/src/ff_gen_drv.o
                0x20000294                disk
 *(COMMON)
                0x200002a0                        . = ALIGN (0x4)
                0x200002a0                        _ebss = .
                0x200002a0                        __bss_end__ = _ebss

._user_heap_stack
                0x200002a0      0x600
                0x200002a0                        . = ALIGN (0x8)
                [!provide]                        PROVIDE (end = .)
                0x200002a0                        PROVIDE (_end = .)
                0x200004a0                        . = (. + _Min_Heap_Size)
 *fill*         0x200002a0      0x200 
                0x200008a0                        . = (. + _Min_Stack_Size)
 *fill*         0x200004a0      0x400 
                0x200008a0                        . = ALIGN (0x8)

/DISCARD/
 libc.a(*)
 libm.a(*)
 libgcc.a(*)

.ARM.attributes
                0x00000000       0x30
 *(.ARM.attributes)
 .ARM.attributes
                0x00000000       0x22 D:/STM32CubeIDE_1.18.0/STM32CubeIDE/plugins/com.st.stm32cube.ide.mcu.externaltools.gnu-tools-for-stm32.13.3.rel1.win32_1.0.0.202411081344/tools/bin/../lib/gcc/arm-none-eabi/13.3.1/thumb/v7e-m+fp/hard/crti.o
 .ARM.attributes
                0x00000022       0x34 D:/STM32CubeIDE_1.18.0/STM32CubeIDE/plugins/com.st.stm32cube.ide.mcu.externaltools.gnu-tools-for-stm32.13.3.rel1.win32_1.0.0.202411081344/tools/bin/../lib/gcc/arm-none-eabi/13.3.1/thumb/v7e-m+fp/hard/crtbegin.o
 .ARM.attributes
                0x00000056       0x34 ./Core/Src/main.o
 .ARM.attributes
                0x0000008a       0x34 ./Core/Src/stm32f4xx_hal_msp.o
 .ARM.attributes
                0x000000be       0x34 ./Core/Src/stm32f4xx_it.o
 .ARM.attributes
                0x000000f2       0x34 ./Core/Src/system_stm32f4xx.o
 .ARM.attributes
                0x00000126       0x21 ./Core/Startup/startup_stm32f407vetx.o
 .ARM.attributes
                0x00000147       0x34 ./Drivers/STM32F4xx_HAL_Driver/Src/stm32f4xx_hal.o
 .ARM.attributes
                0x0000017b       0x34 ./Drivers/STM32F4xx_HAL_Driver/Src/stm32f4xx_hal_can.o
 .ARM.attributes
                0x000001af       0x34 ./Drivers/STM32F4xx_HAL_Driver/Src/stm32f4xx_hal_cortex.o
 .ARM.attributes
                0x000001e3       0x34 ./Drivers/STM32F4xx_HAL_Driver/Src/stm32f4xx_hal_dma.o
 .ARM.attributes
                0x00000217       0x34 ./Drivers/STM32F4xx_HAL_Driver/Src/stm32f4xx_hal_gpio.o
 .ARM.attributes
                0x0000024b       0x34 ./Drivers/STM32F4xx_HAL_Driver/Src/stm32f4xx_hal_i2c.o
 .ARM.attributes
                0x0000027f       0x34 ./Drivers/STM32F4xx_HAL_Driver/Src/stm32f4xx_hal_rcc.o
 .ARM.attributes
                0x000002b3       0x34 ./Drivers/STM32F4xx_HAL_Driver/Src/stm32f4xx_hal_sd.o
 .ARM.attributes
                0x000002e7       0x34 ./Drivers/STM32F4xx_HAL_Driver/Src/stm32f4xx_hal_spi.o
 .ARM.attributes
                0x0000031b       0x34 ./Drivers/STM32F4xx_HAL_Driver/Src/stm32f4xx_hal_uart.o
 .ARM.attributes
                0x0000034f       0x34 ./Drivers/STM32F4xx_HAL_Driver/Src/stm32f4xx_ll_sdmmc.o
 .ARM.attributes
                0x00000383       0x34 ./FATFS/App/fatfs.o
 .ARM.attributes
                0x000003b7       0x34 ./FATFS/Target/bsp_driver_sd.o
 .ARM.attributes
                0x000003eb       0x34 ./FATFS/Target/sd_diskio.o
 .ARM.attributes
                0x0000041f       0x34 ./Middlewares/Third_Party/FatFs/src/ff_gen_drv.o
 .ARM.attributes
                0x00000453       0x34 D:/STM32CubeIDE_1.18.0/STM32CubeIDE/plugins/com.st.stm32cube.ide.mcu.externaltools.gnu-tools-for-stm32.13.3.rel1.win32_1.0.0.202411081344/tools/bin/../lib/gcc/arm-none-eabi/13.3.1/../../../../arm-none-eabi/lib/thumb/v7e-m+fp/hard\libc_nano.a(libc_a-memset.o)
 .ARM.attributes
                0x00000487       0x34 D:/STM32CubeIDE_1.18.0/STM32CubeIDE/plugins/com.st.stm32cube.ide.mcu.externaltools.gnu-tools-for-stm32.13.3.rel1.win32_1.0.0.202411081344/tools/bin/../lib/gcc/arm-none-eabi/13.3.1/../../../../arm-none-eabi/lib/thumb/v7e-m+fp/hard\libc_nano.a(libc_a-init.o)
 .ARM.attributes
                0x000004bb       0x22 D:/STM32CubeIDE_1.18.0/STM32CubeIDE/plugins/com.st.stm32cube.ide.mcu.externaltools.gnu-tools-for-stm32.13.3.rel1.win32_1.0.0.202411081344/tools/bin/../lib/gcc/arm-none-eabi/13.3.1/thumb/v7e-m+fp/hard\libgcc.a(_aeabi_uldivmod.o)
 .ARM.attributes
                0x000004dd       0x34 D:/STM32CubeIDE_1.18.0/STM32CubeIDE/plugins/com.st.stm32cube.ide.mcu.externaltools.gnu-tools-for-stm32.13.3.rel1.win32_1.0.0.202411081344/tools/bin/../lib/gcc/arm-none-eabi/13.3.1/thumb/v7e-m+fp/hard\libgcc.a(_udivmoddi4.o)
 .ARM.attributes
                0x00000511       0x22 D:/STM32CubeIDE_1.18.0/STM32CubeIDE/plugins/com.st.stm32cube.ide.mcu.externaltools.gnu-tools-for-stm32.13.3.rel1.win32_1.0.0.202411081344/tools/bin/../lib/gcc/arm-none-eabi/13.3.1/thumb/v7e-m+fp/hard\libgcc.a(_dvmd_tls.o)
 .ARM.attributes
                0x00000533       0x22 D:/STM32CubeIDE_1.18.0/STM32CubeIDE/plugins/com.st.stm32cube.ide.mcu.externaltools.gnu-tools-for-stm32.13.3.rel1.win32_1.0.0.202411081344/tools/bin/../lib/gcc/arm-none-eabi/13.3.1/thumb/v7e-m+fp/hard/crtn.o
OUTPUT(insLogging.elf elf32-littlearm)
LOAD linker stubs
LOAD D:/STM32CubeIDE_1.18.0/STM32CubeIDE/plugins/com.st.stm32cube.ide.mcu.externaltools.gnu-tools-for-stm32.13.3.rel1.win32_1.0.0.202411081344/tools/bin/../lib/gcc/arm-none-eabi/13.3.1/../../../../arm-none-eabi/lib/thumb/v7e-m+fp/hard\libc.a
LOAD D:/STM32CubeIDE_1.18.0/STM32CubeIDE/plugins/com.st.stm32cube.ide.mcu.externaltools.gnu-tools-for-stm32.13.3.rel1.win32_1.0.0.202411081344/tools/bin/../lib/gcc/arm-none-eabi/13.3.1/../../../../arm-none-eabi/lib/thumb/v7e-m+fp/hard\libm.a
LOAD D:/STM32CubeIDE_1.18.0/STM32CubeIDE/plugins/com.st.stm32cube.ide.mcu.externaltools.gnu-tools-for-stm32.13.3.rel1.win32_1.0.0.202411081344/tools/bin/../lib/gcc/arm-none-eabi/13.3.1/thumb/v7e-m+fp/hard\libgcc.a

.debug_info     0x00000000    0x12860
 .debug_info    0x00000000     0x1b98 ./Core/Src/main.o
 .debug_info    0x00001b98     0x180b ./Core/Src/stm32f4xx_hal_msp.o
 .debug_info    0x000033a3      0x3c1 ./Core/Src/stm32f4xx_it.o
 .debug_info    0x00003764      0x512 ./Core/Src/system_stm32f4xx.o
 .debug_info    0x00003c76       0x30 ./Core/Startup/startup_stm32f407vetx.o
 .debug_info    0x00003ca6      0x944 ./Drivers/STM32F4xx_HAL_Driver/Src/stm32f4xx_hal.o
 .debug_info    0x000045ea      0xf49 ./Drivers/STM32F4xx_HAL_Driver/Src/stm32f4xx_hal_can.o
 .debug_info    0x00005533      0xd8c ./Drivers/STM32F4xx_HAL_Driver/Src/stm32f4xx_hal_cortex.o
 .debug_info    0x000062bf      0x8e7 ./Drivers/STM32F4xx_HAL_Driver/Src/stm32f4xx_hal_dma.o
 .debug_info    0x00006ba6      0x6c3 ./Drivers/STM32F4xx_HAL_Driver/Src/stm32f4xx_hal_gpio.o
 .debug_info    0x00007269     0x2415 ./Drivers/STM32F4xx_HAL_Driver/Src/stm32f4xx_hal_i2c.o
 .debug_info    0x0000967e      0x8c3 ./Drivers/STM32F4xx_HAL_Driver/Src/stm32f4xx_hal_rcc.o
 .debug_info    0x00009f41     0x1bfb ./Drivers/STM32F4xx_HAL_Driver/Src/stm32f4xx_hal_sd.o
 .debug_info    0x0000bb3c     0x1525 ./Drivers/STM32F4xx_HAL_Driver/Src/stm32f4xx_hal_spi.o
 .debug_info    0x0000d061     0x2f4f ./Drivers/STM32F4xx_HAL_Driver/Src/stm32f4xx_hal_uart.o
 .debug_info    0x0000ffb0     0x10c4 ./Drivers/STM32F4xx_HAL_Driver/Src/stm32f4xx_ll_sdmmc.o
 .debug_info    0x00011074      0x4d9 ./FATFS/App/fatfs.o
 .debug_info    0x0001154d      0xadc ./FATFS/Target/bsp_driver_sd.o
 .debug_info    0x00012029      0x4b8 ./FATFS/Target/sd_diskio.o
 .debug_info    0x000124e1      0x37f ./Middlewares/Third_Party/FatFs/src/ff_gen_drv.o

.debug_abbrev   0x00000000     0x2a52
 .debug_abbrev  0x00000000      0x2ec ./Core/Src/main.o
 .debug_abbrev  0x000002ec      0x271 ./Core/Src/stm32f4xx_hal_msp.o
 .debug_abbrev  0x0000055d      0x16b ./Core/Src/stm32f4xx_it.o
 .debug_abbrev  0x000006c8      0x11a ./Core/Src/system_stm32f4xx.o
 .debug_abbrev  0x000007e2       0x24 ./Core/Startup/startup_stm32f407vetx.o
 .debug_abbrev  0x00000806      0x214 ./Drivers/STM32F4xx_HAL_Driver/Src/stm32f4xx_hal.o
 .debug_abbrev  0x00000a1a      0x258 ./Drivers/STM32F4xx_HAL_Driver/Src/stm32f4xx_hal_can.o
 .debug_abbrev  0x00000c72      0x31d ./Drivers/STM32F4xx_HAL_Driver/Src/stm32f4xx_hal_cortex.o
 .debug_abbrev  0x00000f8f      0x264 ./Drivers/STM32F4xx_HAL_Driver/Src/stm32f4xx_hal_dma.o
 .debug_abbrev  0x000011f3      0x1d4 ./Drivers/STM32F4xx_HAL_Driver/Src/stm32f4xx_hal_gpio.o
 .debug_abbrev  0x000013c7      0x2ad ./Drivers/STM32F4xx_HAL_Driver/Src/stm32f4xx_hal_i2c.o
 .debug_abbrev  0x00001674      0x2b7 ./Drivers/STM32F4xx_HAL_Driver/Src/stm32f4xx_hal_rcc.o
 .debug_abbrev  0x0000192b      0x297 ./Drivers/STM32F4xx_HAL_Driver/Src/stm32f4xx_hal_sd.o
 .debug_abbrev  0x00001bc2      0x27a ./Drivers/STM32F4xx_HAL_Driver/Src/stm32f4xx_hal_spi.o
 .debug_abbrev  0x00001e3c      0x30e ./Drivers/STM32F4xx_HAL_Driver/Src/stm32f4xx_hal_uart.o
 .debug_abbrev  0x0000214a      0x1d6 ./Drivers/STM32F4xx_HAL_Driver/Src/stm32f4xx_ll_sdmmc.o
 .debug_abbrev  0x00002320      0x160 ./FATFS/App/fatfs.o
 .debug_abbrev  0x00002480      0x2a2 ./FATFS/Target/bsp_driver_sd.o
 .debug_abbrev  0x00002722      0x191 ./FATFS/Target/sd_diskio.o
 .debug_abbrev  0x000028b3      0x19f ./Middlewares/Third_Party/FatFs/src/ff_gen_drv.o

.debug_aranges  0x00000000     0x1120
 .debug_aranges
                0x00000000       0x68 ./Core/Src/main.o
 .debug_aranges
                0x00000068       0x70 ./Core/Src/stm32f4xx_hal_msp.o
 .debug_aranges
                0x000000d8       0x70 ./Core/Src/stm32f4xx_it.o
 .debug_aranges
                0x00000148       0x28 ./Core/Src/system_stm32f4xx.o
 .debug_aranges
                0x00000170       0x28 ./Core/Startup/startup_stm32f407vetx.o
 .debug_aranges
                0x00000198       0xf0 ./Drivers/STM32F4xx_HAL_Driver/Src/stm32f4xx_hal.o
 .debug_aranges
                0x00000288      0x138 ./Drivers/STM32F4xx_HAL_Driver/Src/stm32f4xx_hal_can.o
 .debug_aranges
                0x000003c0      0x130 ./Drivers/STM32F4xx_HAL_Driver/Src/stm32f4xx_hal_cortex.o
 .debug_aranges
                0x000004f0       0x90 ./Drivers/STM32F4xx_HAL_Driver/Src/stm32f4xx_hal_dma.o
 .debug_aranges
                0x00000580       0x58 ./Drivers/STM32F4xx_HAL_Driver/Src/stm32f4xx_hal_gpio.o
 .debug_aranges
                0x000005d8      0x2a8 ./Drivers/STM32F4xx_HAL_Driver/Src/stm32f4xx_hal_i2c.o
 .debug_aranges
                0x00000880       0x88 ./Drivers/STM32F4xx_HAL_Driver/Src/stm32f4xx_hal_rcc.o
 .debug_aranges
                0x00000908      0x168 ./Drivers/STM32F4xx_HAL_Driver/Src/stm32f4xx_hal_sd.o
 .debug_aranges
                0x00000a70      0x1d0 ./Drivers/STM32F4xx_HAL_Driver/Src/stm32f4xx_hal_spi.o
 .debug_aranges
                0x00000c40      0x208 ./Drivers/STM32F4xx_HAL_Driver/Src/stm32f4xx_hal_uart.o
 .debug_aranges
                0x00000e48      0x188 ./Drivers/STM32F4xx_HAL_Driver/Src/stm32f4xx_ll_sdmmc.o
 .debug_aranges
                0x00000fd0       0x28 ./FATFS/App/fatfs.o
 .debug_aranges
                0x00000ff8       0xa0 ./FATFS/Target/bsp_driver_sd.o
 .debug_aranges
                0x00001098       0x48 ./FATFS/Target/sd_diskio.o
 .debug_aranges
                0x000010e0       0x40 ./Middlewares/Third_Party/FatFs/src/ff_gen_drv.o

.debug_rnglists
                0x00000000      0xd4a
 .debug_rnglists
                0x00000000       0x4b ./Core/Src/main.o
 .debug_rnglists
                0x0000004b       0x54 ./Core/Src/stm32f4xx_hal_msp.o
 .debug_rnglists
                0x0000009f       0x4f ./Core/Src/stm32f4xx_it.o
 .debug_rnglists
                0x000000ee       0x1a ./Core/Src/system_stm32f4xx.o
 .debug_rnglists
                0x00000108       0x19 ./Core/Startup/startup_stm32f407vetx.o
 .debug_rnglists
                0x00000121       0xaf ./Drivers/STM32F4xx_HAL_Driver/Src/stm32f4xx_hal.o
 .debug_rnglists
                0x000001d0       0xee ./Drivers/STM32F4xx_HAL_Driver/Src/stm32f4xx_hal_can.o
 .debug_rnglists
                0x000002be       0xe0 ./Drivers/STM32F4xx_HAL_Driver/Src/stm32f4xx_hal_cortex.o
 .debug_rnglists
                0x0000039e       0x70 ./Drivers/STM32F4xx_HAL_Driver/Src/stm32f4xx_hal_dma.o
 .debug_rnglists
                0x0000040e       0x3f ./Drivers/STM32F4xx_HAL_Driver/Src/stm32f4xx_hal_gpio.o
 .debug_rnglists
                0x0000044d      0x23c ./Drivers/STM32F4xx_HAL_Driver/Src/stm32f4xx_hal_i2c.o
 .debug_rnglists
                0x00000689       0x66 ./Drivers/STM32F4xx_HAL_Driver/Src/stm32f4xx_hal_rcc.o
 .debug_rnglists
                0x000006ef      0x121 ./Drivers/STM32F4xx_HAL_Driver/Src/stm32f4xx_hal_sd.o
 .debug_rnglists
                0x00000810      0x16f ./Drivers/STM32F4xx_HAL_Driver/Src/stm32f4xx_hal_spi.o
 .debug_rnglists
                0x0000097f      0x1bc ./Drivers/STM32F4xx_HAL_Driver/Src/stm32f4xx_hal_uart.o
 .debug_rnglists
                0x00000b3b      0x125 ./Drivers/STM32F4xx_HAL_Driver/Src/stm32f4xx_ll_sdmmc.o
 .debug_rnglists
                0x00000c60       0x19 ./FATFS/App/fatfs.o
 .debug_rnglists
                0x00000c79       0x73 ./FATFS/Target/bsp_driver_sd.o
 .debug_rnglists
                0x00000cec       0x32 ./FATFS/Target/sd_diskio.o
 .debug_rnglists
                0x00000d1e       0x2c ./Middlewares/Third_Party/FatFs/src/ff_gen_drv.o

.debug_macro    0x00000000    0x22d65
 .debug_macro   0x00000000      0x33e ./Core/Src/main.o
 .debug_macro   0x0000033e      0xad8 ./Core/Src/main.o
 .debug_macro   0x00000e16      0x2ad ./Core/Src/main.o
 .debug_macro   0x000010c3       0x2e ./Core/Src/main.o
 .debug_macro   0x000010f1       0x2f ./Core/Src/main.o
 .debug_macro   0x00001120       0x22 ./Core/Src/main.o
 .debug_macro   0x00001142       0x8e ./Core/Src/main.o
 .debug_macro   0x000011d0       0x51 ./Core/Src/main.o
 .debug_macro   0x00001221      0x103 ./Core/Src/main.o
 .debug_macro   0x00001324       0x6a ./Core/Src/main.o
 .debug_macro   0x0000138e      0x1df ./Core/Src/main.o
 .debug_macro   0x0000156d       0x1c ./Core/Src/main.o
 .debug_macro   0x00001589       0x22 ./Core/Src/main.o
 .debug_macro   0x000015ab       0xfb ./Core/Src/main.o
 .debug_macro   0x000016a6     0x1011 ./Core/Src/main.o
 .debug_macro   0x000026b7      0x11f ./Core/Src/main.o
 .debug_macro   0x000027d6    0x15ea5 ./Core/Src/main.o
 .debug_macro   0x0001867b       0x6d ./Core/Src/main.o
 .debug_macro   0x000186e8     0x3693 ./Core/Src/main.o
 .debug_macro   0x0001bd7b      0x190 ./Core/Src/main.o
 .debug_macro   0x0001bf0b       0x5c ./Core/Src/main.o
 .debug_macro   0x0001bf67      0x980 ./Core/Src/main.o
 .debug_macro   0x0001c8e7      0x9e9 ./Core/Src/main.o
 .debug_macro   0x0001d2d0      0x115 ./Core/Src/main.o
 .debug_macro   0x0001d3e5      0x13e ./Core/Src/main.o
 .debug_macro   0x0001d523       0xa5 ./Core/Src/main.o
 .debug_macro   0x0001d5c8      0x174 ./Core/Src/main.o
 .debug_macro   0x0001d73c      0x287 ./Core/Src/main.o
 .debug_macro   0x0001d9c3       0x5f ./Core/Src/main.o
 .debug_macro   0x0001da22      0x236 ./Core/Src/main.o
 .debug_macro   0x0001dc58      0x40f ./Core/Src/main.o
 .debug_macro   0x0001e067      0x12c ./Core/Src/main.o
 .debug_macro   0x0001e193      0x21e ./Core/Src/main.o
 .debug_macro   0x0001e3b1       0x2e ./Core/Src/main.o
 .debug_macro   0x0001e3df      0x1b5 ./Core/Src/main.o
 .debug_macro   0x0001e594       0xd6 ./Core/Src/main.o
 .debug_macro   0x0001e66a      0x127 ./Core/Src/main.o
 .debug_macro   0x0001e791       0x7e ./Core/Src/main.o
 .debug_macro   0x0001e80f       0x89 ./Core/Src/main.o
 .debug_macro   0x0001e898      0x868 ./Core/Src/main.o
 .debug_macro   0x0001f100      0x1d5 ./Core/Src/main.o
 .debug_macro   0x0001f2d5      0x225 ./Core/Src/main.o
 .debug_macro   0x0001f4fa      0x2aa ./Core/Src/main.o
 .debug_macro   0x0001f7a4      0x12d ./Core/Src/main.o
 .debug_macro   0x0001f8d1       0x10 ./Core/Src/main.o
 .debug_macro   0x0001f8e1       0x3a ./Core/Src/main.o
 .debug_macro   0x0001f91b       0xe5 ./Core/Src/main.o
 .debug_macro   0x0001fa00       0x2a ./Core/Src/main.o
 .debug_macro   0x0001fa2a       0x61 ./Core/Src/main.o
 .debug_macro   0x0001fa8b       0x43 ./Core/Src/main.o
 .debug_macro   0x0001face       0x34 ./Core/Src/main.o
 .debug_macro   0x0001fb02       0x16 ./Core/Src/main.o
 .debug_macro   0x0001fb18       0x3c ./Core/Src/main.o
 .debug_macro   0x0001fb54      0x370 ./Core/Src/main.o
 .debug_macro   0x0001fec4       0x16 ./Core/Src/main.o
 .debug_macro   0x0001feda       0x4a ./Core/Src/main.o
 .debug_macro   0x0001ff24       0x34 ./Core/Src/main.o
 .debug_macro   0x0001ff58       0x10 ./Core/Src/main.o
 .debug_macro   0x0001ff68       0x58 ./Core/Src/main.o
 .debug_macro   0x0001ffc0       0x8e ./Core/Src/main.o
 .debug_macro   0x0002004e       0x1c ./Core/Src/main.o
 .debug_macro   0x0002006a      0x185 ./Core/Src/main.o
 .debug_macro   0x000201ef       0x16 ./Core/Src/main.o
 .debug_macro   0x00020205       0x29 ./Core/Src/main.o
 .debug_macro   0x0002022e       0x12 ./Core/Src/main.o
 .debug_macro   0x00020240       0xe2 ./Core/Src/main.o
 .debug_macro   0x00020322       0x8e ./Core/Src/main.o
 .debug_macro   0x000203b0      0x210 ./Core/Src/stm32f4xx_hal_msp.o
 .debug_macro   0x000205c0      0x21a ./Core/Src/stm32f4xx_it.o
 .debug_macro   0x000207da      0x201 ./Core/Src/system_stm32f4xx.o
 .debug_macro   0x000209db      0x261 ./Drivers/STM32F4xx_HAL_Driver/Src/stm32f4xx_hal.o
 .debug_macro   0x00020c3c      0x210 ./Drivers/STM32F4xx_HAL_Driver/Src/stm32f4xx_hal_can.o
 .debug_macro   0x00020e4c      0x201 ./Drivers/STM32F4xx_HAL_Driver/Src/stm32f4xx_hal_cortex.o
 .debug_macro   0x0002104d      0x207 ./Drivers/STM32F4xx_HAL_Driver/Src/stm32f4xx_hal_dma.o
 .debug_macro   0x00021254      0x207 ./Drivers/STM32F4xx_HAL_Driver/Src/stm32f4xx_hal_gpio.o
 .debug_macro   0x0002145b      0x24f ./Drivers/STM32F4xx_HAL_Driver/Src/stm32f4xx_hal_i2c.o
 .debug_macro   0x000216aa      0x225 ./Drivers/STM32F4xx_HAL_Driver/Src/stm32f4xx_hal_rcc.o
 .debug_macro   0x000218cf      0x202 ./Drivers/STM32F4xx_HAL_Driver/Src/stm32f4xx_hal_sd.o
 .debug_macro   0x00021ad1      0x210 ./Drivers/STM32F4xx_HAL_Driver/Src/stm32f4xx_hal_spi.o
 .debug_macro   0x00021ce1      0x202 ./Drivers/STM32F4xx_HAL_Driver/Src/stm32f4xx_hal_uart.o
 .debug_macro   0x00021ee3      0x202 ./Drivers/STM32F4xx_HAL_Driver/Src/stm32f4xx_ll_sdmmc.o
 .debug_macro   0x000220e5      0x33e ./FATFS/App/fatfs.o
 .debug_macro   0x00022423      0x210 ./FATFS/Target/bsp_driver_sd.o
 .debug_macro   0x00022633       0x34 ./FATFS/Target/bsp_driver_sd.o
 .debug_macro   0x00022667      0x341 ./FATFS/Target/sd_diskio.o
 .debug_macro   0x000229a8       0x16 ./FATFS/Target/sd_diskio.o
 .debug_macro   0x000229be       0x7c ./FATFS/Target/sd_diskio.o
 .debug_macro   0x00022a3a      0x32b ./Middlewares/Third_Party/FatFs/src/ff_gen_drv.o

.debug_line     0x00000000    0x14fd0
 .debug_line    0x00000000      0xbb3 ./Core/Src/main.o
 .debug_line    0x00000bb3      0x997 ./Core/Src/stm32f4xx_hal_msp.o
 .debug_line    0x0000154a      0x875 ./Core/Src/stm32f4xx_it.o
 .debug_line    0x00001dbf      0x80c ./Core/Src/system_stm32f4xx.o
 .debug_line    0x000025cb       0x7a ./Core/Startup/startup_stm32f407vetx.o
 .debug_line    0x00002645      0xa88 ./Drivers/STM32F4xx_HAL_Driver/Src/stm32f4xx_hal.o
 .debug_line    0x000030cd     0x1247 ./Drivers/STM32F4xx_HAL_Driver/Src/stm32f4xx_hal_can.o
 .debug_line    0x00004314      0xd58 ./Drivers/STM32F4xx_HAL_Driver/Src/stm32f4xx_hal_cortex.o
 .debug_line    0x0000506c      0xff4 ./Drivers/STM32F4xx_HAL_Driver/Src/stm32f4xx_hal_dma.o
 .debug_line    0x00006060      0xbe0 ./Drivers/STM32F4xx_HAL_Driver/Src/stm32f4xx_hal_gpio.o
 .debug_line    0x00006c40     0x3b35 ./Drivers/STM32F4xx_HAL_Driver/Src/stm32f4xx_hal_i2c.o
 .debug_line    0x0000a775      0xe95 ./Drivers/STM32F4xx_HAL_Driver/Src/stm32f4xx_hal_rcc.o
 .debug_line    0x0000b60a     0x1f02 ./Drivers/STM32F4xx_HAL_Driver/Src/stm32f4xx_hal_sd.o
 .debug_line    0x0000d50c     0x1d23 ./Drivers/STM32F4xx_HAL_Driver/Src/stm32f4xx_hal_spi.o
 .debug_line    0x0000f22f     0x25d0 ./Drivers/STM32F4xx_HAL_Driver/Src/stm32f4xx_hal_uart.o
 .debug_line    0x000117ff     0x1007 ./Drivers/STM32F4xx_HAL_Driver/Src/stm32f4xx_ll_sdmmc.o
 .debug_line    0x00012806      0x997 ./FATFS/App/fatfs.o
 .debug_line    0x0001319d      0x987 ./FATFS/Target/bsp_driver_sd.o
 .debug_line    0x00013b24      0xa8a ./FATFS/Target/sd_diskio.o
 .debug_line    0x000145ae      0xa22 ./Middlewares/Third_Party/FatFs/src/ff_gen_drv.o

.debug_str      0x00000000    0xcefc1
 .debug_str     0x00000000    0xcefc1 ./Core/Src/main.o
                              0xcb540 (size before relaxing)
 .debug_str     0x000cefc1    0xc750e ./Core/Src/stm32f4xx_hal_msp.o
 .debug_str     0x000cefc1    0xc68fd ./Core/Src/stm32f4xx_it.o
 .debug_str     0x000cefc1    0xc6741 ./Core/Src/system_stm32f4xx.o
 .debug_str     0x000cefc1       0x67 ./Core/Startup/startup_stm32f407vetx.o
 .debug_str     0x000cefc1    0xc72c5 ./Drivers/STM32F4xx_HAL_Driver/Src/stm32f4xx_hal.o
 .debug_str     0x000cefc1    0xc6e3b ./Drivers/STM32F4xx_HAL_Driver/Src/stm32f4xx_hal_can.o
 .debug_str     0x000cefc1    0xc7041 ./Drivers/STM32F4xx_HAL_Driver/Src/stm32f4xx_hal_cortex.o
 .debug_str     0x000cefc1    0xc6b5b ./Drivers/STM32F4xx_HAL_Driver/Src/stm32f4xx_hal_dma.o
 .debug_str     0x000cefc1    0xc68bc ./Drivers/STM32F4xx_HAL_Driver/Src/stm32f4xx_hal_gpio.o
 .debug_str     0x000cefc1    0xc775f ./Drivers/STM32F4xx_HAL_Driver/Src/stm32f4xx_hal_i2c.o
 .debug_str     0x000cefc1    0xc6b75 ./Drivers/STM32F4xx_HAL_Driver/Src/stm32f4xx_hal_rcc.o
 .debug_str     0x000cefc1    0xc74ba ./Drivers/STM32F4xx_HAL_Driver/Src/stm32f4xx_hal_sd.o
 .debug_str     0x000cefc1    0xc6fff ./Drivers/STM32F4xx_HAL_Driver/Src/stm32f4xx_hal_spi.o
 .debug_str     0x000cefc1    0xc7156 ./Drivers/STM32F4xx_HAL_Driver/Src/stm32f4xx_hal_uart.o
 .debug_str     0x000cefc1    0xc6bc8 ./Drivers/STM32F4xx_HAL_Driver/Src/stm32f4xx_ll_sdmmc.o
 .debug_str     0x000cefc1    0xca0ee ./FATFS/App/fatfs.o
 .debug_str     0x000cefc1    0xc6dd0 ./FATFS/Target/bsp_driver_sd.o
 .debug_str     0x000cefc1    0xca136 ./FATFS/Target/sd_diskio.o
 .debug_str     0x000cefc1    0xca05a ./Middlewares/Third_Party/FatFs/src/ff_gen_drv.o

.comment        0x00000000       0x43
 .comment       0x00000000       0x43 ./Core/Src/main.o
                                 0x44 (size before relaxing)
 .comment       0x00000043       0x44 ./Core/Src/stm32f4xx_hal_msp.o
 .comment       0x00000043       0x44 ./Core/Src/stm32f4xx_it.o
 .comment       0x00000043       0x44 ./Core/Src/system_stm32f4xx.o
 .comment       0x00000043       0x44 ./Drivers/STM32F4xx_HAL_Driver/Src/stm32f4xx_hal.o
 .comment       0x00000043       0x44 ./Drivers/STM32F4xx_HAL_Driver/Src/stm32f4xx_hal_can.o
 .comment       0x00000043       0x44 ./Drivers/STM32F4xx_HAL_Driver/Src/stm32f4xx_hal_cortex.o
 .comment       0x00000043       0x44 ./Drivers/STM32F4xx_HAL_Driver/Src/stm32f4xx_hal_dma.o
 .comment       0x00000043       0x44 ./Drivers/STM32F4xx_HAL_Driver/Src/stm32f4xx_hal_gpio.o
 .comment       0x00000043       0x44 ./Drivers/STM32F4xx_HAL_Driver/Src/stm32f4xx_hal_i2c.o
 .comment       0x00000043       0x44 ./Drivers/STM32F4xx_HAL_Driver/Src/stm32f4xx_hal_rcc.o
 .comment       0x00000043       0x44 ./Drivers/STM32F4xx_HAL_Driver/Src/stm32f4xx_hal_sd.o
 .comment       0x00000043       0x44 ./Drivers/STM32F4xx_HAL_Driver/Src/stm32f4xx_hal_spi.o
 .comment       0x00000043       0x44 ./Drivers/STM32F4xx_HAL_Driver/Src/stm32f4xx_hal_uart.o
 .comment       0x00000043       0x44 ./Drivers/STM32F4xx_HAL_Driver/Src/stm32f4xx_ll_sdmmc.o
 .comment       0x00000043       0x44 ./FATFS/App/fatfs.o
 .comment       0x00000043       0x44 ./FATFS/Target/bsp_driver_sd.o
 .comment       0x00000043       0x44 ./FATFS/Target/sd_diskio.o
 .comment       0x00000043       0x44 ./Middlewares/Third_Party/FatFs/src/ff_gen_drv.o

.debug_frame    0x00000000     0x4840
 .debug_frame   0x00000000      0x13c ./Core/Src/main.o
 .debug_frame   0x0000013c      0x1a0 ./Core/Src/stm32f4xx_hal_msp.o
 .debug_frame   0x000002dc      0x13c ./Core/Src/stm32f4xx_it.o
 .debug_frame   0x00000418       0x58 ./Core/Src/system_stm32f4xx.o
 .debug_frame   0x00000470      0x374 ./Drivers/STM32F4xx_HAL_Driver/Src/stm32f4xx_hal.o
 .debug_frame   0x000007e4      0x5a0 ./Drivers/STM32F4xx_HAL_Driver/Src/stm32f4xx_hal_can.o
 .debug_frame   0x00000d84      0x508 ./Drivers/STM32F4xx_HAL_Driver/Src/stm32f4xx_hal_cortex.o
 .debug_frame   0x0000128c      0x250 ./Drivers/STM32F4xx_HAL_Driver/Src/stm32f4xx_hal_dma.o
 .debug_frame   0x000014dc      0x14c ./Drivers/STM32F4xx_HAL_Driver/Src/stm32f4xx_hal_gpio.o
 .debug_frame   0x00001628      0xc84 ./Drivers/STM32F4xx_HAL_Driver/Src/stm32f4xx_hal_i2c.o
 .debug_frame   0x000022ac      0x1f4 ./Drivers/STM32F4xx_HAL_Driver/Src/stm32f4xx_hal_rcc.o
 .debug_frame   0x000024a0      0x650 ./Drivers/STM32F4xx_HAL_Driver/Src/stm32f4xx_hal_sd.o
 .debug_frame   0x00002af0      0x828 ./Drivers/STM32F4xx_HAL_Driver/Src/stm32f4xx_hal_spi.o
 .debug_frame   0x00003318      0x954 ./Drivers/STM32F4xx_HAL_Driver/Src/stm32f4xx_hal_uart.o
 .debug_frame   0x00003c6c      0x6d0 ./Drivers/STM32F4xx_HAL_Driver/Src/stm32f4xx_ll_sdmmc.o
 .debug_frame   0x0000433c       0x4c ./FATFS/App/fatfs.o
 .debug_frame   0x00004388      0x25c ./FATFS/Target/bsp_driver_sd.o
 .debug_frame   0x000045e4       0xe8 ./FATFS/Target/sd_diskio.o
 .debug_frame   0x000046cc       0xc8 ./Middlewares/Third_Party/FatFs/src/ff_gen_drv.o
 .debug_frame   0x00004794       0x20 D:/STM32CubeIDE_1.18.0/STM32CubeIDE/plugins/com.st.stm32cube.ide.mcu.externaltools.gnu-tools-for-stm32.13.3.rel1.win32_1.0.0.202411081344/tools/bin/../lib/gcc/arm-none-eabi/13.3.1/../../../../arm-none-eabi/lib/thumb/v7e-m+fp/hard\libc_nano.a(libc_a-memset.o)
 .debug_frame   0x000047b4       0x2c D:/STM32CubeIDE_1.18.0/STM32CubeIDE/plugins/com.st.stm32cube.ide.mcu.externaltools.gnu-tools-for-stm32.13.3.rel1.win32_1.0.0.202411081344/tools/bin/../lib/gcc/arm-none-eabi/13.3.1/../../../../arm-none-eabi/lib/thumb/v7e-m+fp/hard\libc_nano.a(libc_a-init.o)
 .debug_frame   0x000047e0       0x2c D:/STM32CubeIDE_1.18.0/STM32CubeIDE/plugins/com.st.stm32cube.ide.mcu.externaltools.gnu-tools-for-stm32.13.3.rel1.win32_1.0.0.202411081344/tools/bin/../lib/gcc/arm-none-eabi/13.3.1/thumb/v7e-m+fp/hard\libgcc.a(_aeabi_uldivmod.o)
 .debug_frame   0x0000480c       0x34 D:/STM32CubeIDE_1.18.0/STM32CubeIDE/plugins/com.st.stm32cube.ide.mcu.externaltools.gnu-tools-for-stm32.13.3.rel1.win32_1.0.0.202411081344/tools/bin/../lib/gcc/arm-none-eabi/13.3.1/thumb/v7e-m+fp/hard\libgcc.a(_udivmoddi4.o)

.debug_line_str
                0x00000000       0x4b
 .debug_line_str
                0x00000000       0x4b ./Core/Startup/startup_stm32f407vetx.o
