../Core/Src/main.c:82:5:main	8	static
../Core/Src/main.c:133:6:SystemClock_Config	88	static
../Core/Src/main.c:180:13:MX_CAN1_Init	8	static
../Core/Src/main.c:217:13:MX_I2C1_Init	8	static
../Core/Src/main.c:251:13:MX_SDIO_SD_Init	8	static
../Core/Src/main.c:288:13:MX_SPI1_Init	8	static
../Core/Src/main.c:326:13:MX_USART2_UART_Init	8	static
../Core/Src/main.c:357:13:MX_DMA_Init	16	static
../Core/Src/main.c:378:13:MX_GPIO_Init	48	static
../Core/Src/main.c:420:6:Error_Handler	4	static,ignoring_inline_asm
